// Jest Snapshot v1, https://goo.gl/fbAQLP

exports[`Home render component 1`] = `"<div class=\\"homeWrapper\\"><div class=\\"homeHeader\\"><div class=\\"columns\\"><div class=\\"column is-1\\"><figure class=\\"image is-128x128\\"><img src=\\"https://bulma.io/images/placeholders/128x128.png\\"></figure></div> <div class=\\"column\\"><news-bar-stub newnews=\\"if you are watching it, some error may has happened or its just a random text for test it. Use the 'newNews' prop for change me. We will show in this bar some useful stuff\\"></news-bar-stub></div></div></div> <div class=\\"homeContainer\\"></div></div>"`;
