// Jest Snapshot v1, https://goo.gl/fbAQLP

exports[`IdeaAdder render component 1`] = `"<div class=\\"ideaContainer\\"><div class=\\"columns\\"><div class=\\"column is-5\\"></div> <div class=\\"column is-6\\"></div> <div class=\\"column is-1 void2\\"><router-link-stub to=\\"/home\\" tag=\\"a\\" event=\\"click\\"><a class=\\"delete is-medium is-hoverable\\"></a></router-link-stub></div></div> <div class=\\"columns\\"><div class=\\"column\\"></div> <div class=\\"column ideaForm is-8 is-halfheight is-vcentered\\"><idea-form-stub></idea-form-stub></div> <div class=\\"column void2\\"></div></div></div>"`;
