// Jest Snapshot v1, https://goo.gl/fbAQLP

exports[`SelectPlace render component 1`] = `"<div class=\\"columns\\"><div class=\\"column is-4\\"><div class=\\"select dropdown\\"><select><option value=\\"\\">Select a Country</option> <option value=\\"España\\">España</option></select></div></div> <div class=\\"column is-4\\"><div class=\\"select dropdown\\"><select disabled=\\"disabled\\"><option value=\\"\\">Select a City</option> </select></div></div> <div class=\\"column is-4\\"><div class=\\"select dropdown\\"><select disabled=\\"disabled\\"><option value=\\"\\">Select a Zone</option> </select></div></div></div>"`;
