// Jest Snapshot v1, https://goo.gl/fbAQLP

exports[`QuickActionsMenu render component 1`] = `"<div class=\\"actionsWrapper\\"><div class=\\"userCard\\"><b-modal-stub width=\\"960\\" hasmodalcard=\\"true\\" animation=\\"zoom-out\\" cancancel=\\"escape,x,outside,button\\" oncancel=\\"function _default() {}\\" scroll=\\"clip\\"><user-card></user-card></b-modal-stub></div> <button class=\\"button\\"></button></div>"`;
