// Jest Snapshot v1, https://goo.gl/fbAQLP

exports[`QuickActionsMenu render component 1`] = `"<div class=\\"actionsWrapper\\"><div class=\\"imageWrapp\\"><figure class=\\"image is-centered is-128x128 is-block\\"><img src=\\"https://bulma.io/images/placeholders/128x128.png\\"></figure> <div class=\\"column is-12 userCard is-fullwidth\\"><b-modal-stub width=\\"960\\" hasmodalcard=\\"true\\" animation=\\"zoom-out\\" cancancel=\\"escape,x,outside,button\\" oncancel=\\"function _default() {}\\" scroll=\\"clip\\" fullscreen=\\"true\\"><user-card-stub></user-card-stub></b-modal-stub> <button class=\\"button is-block is-small is-info is-fullwidth is-centered\\">profile</button></div></div> <button class=\\"button is-large is-black is-rounded is-centered\\">share moment</button></div>"`;
