// Jest Snapshot v1, https://goo.gl/fbAQLP

exports[`SignUpMenu render component 1`] = `"<slide-menu-stub disableoutsideclick=\\"\\"><div><b-collapse-stub animation=\\"fade\\" ariaid=\\"contentIdForA11y1\\"><button aria-controls=\\"contentIdForA11y1\\" class=\\"button is-warning is-medium\\">Sign up !</button> <div class=\\"notification\\"><div class=\\"content\\"><h3>Sign Up</h3> <signup-form-stub></signup-form-stub></div></div></b-collapse-stub></div> <div><signin-form-stub></signin-form-stub></div> <div class=\\"routerWrapper\\"><router-link to=\\"/home\\"><use-button-stub name=\\"TO LOBBY\\" route=\\"\\" action=\\"generate\\" customwidth=\\"300px\\" customheight=\\"60px\\"></use-button-stub></router-link></div></slide-menu-stub>"`;
