// Jest Snapshot v1, https://goo.gl/fbAQLP

exports[`SignUp render component 1`] = `"<section><b-field-stub label=\\"Name\\" addons=\\"true\\"><b-input-stub usehtml5validation=\\"true\\" type=\\"text\\" hascounter=\\"true\\" customclass=\\"\\"></b-input-stub></b-field-stub> <b-field-stub label=\\"Email\\" addons=\\"true\\"><b-input-stub maxlength=\\"30\\" usehtml5validation=\\"true\\" value=\\"john@\\" type=\\"email\\" hascounter=\\"true\\" customclass=\\"\\"></b-input-stub></b-field-stub> <b-field-stub label=\\"Username\\" message=\\"This username is available\\" addons=\\"true\\"><b-input-stub maxlength=\\"30\\" usehtml5validation=\\"true\\" type=\\"text\\" hascounter=\\"true\\" customclass=\\"\\"></b-input-stub></b-field-stub> <b-field-stub label=\\"Password\\" addons=\\"true\\"><b-input-stub usehtml5validation=\\"true\\" type=\\"password\\" passwordreveal=\\"true\\" hascounter=\\"true\\" customclass=\\"\\"></b-input-stub></b-field-stub> <input type=\\"submit\\" value=\\"sign up\\" class=\\"button is-success\\"></section>"`;
