// Jest Snapshot v1, https://goo.gl/fbAQLP

exports[`SignUpMenu render component 1`] = `"<slide-menu-stub left=\\"\\" disableoutsideclick=\\"\\"><div><b-collapse-stub animation=\\"fade\\" ariaid=\\"contentIdForA11y1\\"><button aria-controls=\\"contentIdForA11y1\\" class=\\"button is-warning is-medium\\">Sign up !</button> <div class=\\"notification\\"><div class=\\"content\\"><h3>Sign Up</h3> <signup-form-stub></signup-form-stub></div></div></b-collapse-stub></div> <div><signin-form-stub></signin-form-stub></div> <div class=\\"routerWrapper\\"><router-link-stub to=\\"/home\\" tag=\\"a\\" event=\\"click\\"><button class=\\"button is-dark is-large is-rounded\\">LOBBY</button></router-link-stub></div></slide-menu-stub>"`;
