// Jest Snapshot v1, https://goo.gl/fbAQLP

exports[`LandingPage render component 1`] = `"<div class=\\"columns is-centered\\"><sign-menu-stub></sign-menu-stub> <main id=\\"page-wrap\\"><div class=\\"columnContent\\"><figure class=\\"image is-square\\"><img src=\\"../../../public/assets/giphy.gif\\"></figure> <router-link-stub to=\\"/short\\" tag=\\"a\\" event=\\"click\\"><a class=\\"button main is-large is-fullwidth is-warning\\">LET'S FLY</a></router-link-stub></div></main></div>"`;
